// Jest Snapshot v1, https://goo.gl/fbAQLP

exports[`<Rfdd/> matches snapshot 1`] = `
<div>
  <div
    class="sc-htpNat gDaegl rfdd"
    data-testid="rfdd"
    tabindex="0"
  >
    <div
      class="sc-bdVaJa jCoEpt"
      data-testid="select"
      id="select"
      mode="light"
    >
      <span
        data-testid="select-text"
      />
      <svg
        class="sc-bwzfXH cAJDsR"
        height="10px"
        mode="light"
        viewBox="0 0 10 10"
        width="10px"
        xmlns="http://www.w3.org/2000/svg"
      >
        <path
          d="M0 0 V 10 H 10"
          fill="none"
        />
      </svg>
    </div>
    <ul
      class="sc-bxivhb fQMNvA"
      data-testid="list"
      id="list"
      mode="light"
      width="0"
    >
      <div
        class="sc-ifAKCX hIOwLy"
        data-testid="option0"
      >
        Apple
      </div>
      <div
        class="sc-ifAKCX hIOwLy"
        data-testid="option1"
      >
        Carrot
      </div>
    </ul>
  </div>
</div>
`;
