// Jest Snapshot v1, https://goo.gl/fbAQLP

exports[`<Rfdd/> matches snapshot 1`] = `
<div>
  <div
    class="sc-htpNat cZbpxV rfdd"
    data-testid="rfdd"
    tabindex="0"
  >
    <div
      class="sc-bdVaJa gWUDwE"
      data-testid="select"
      id="select"
      mode="light"
    >
      <span
        data-testid="select-text"
      />
      <div
        class="sc-bwzfXH dKzWQP"
      >
        <img
          alt="default arrow icon"
          src="[object Object]"
        />
      </div>
    </div>
    <ul
      class="sc-bxivhb fQMNvA"
      data-testid="list"
      id="list"
      mode="light"
      width="0"
    >
      <div
        class="sc-ifAKCX hzqeqx"
        data-testid="option0"
      >
        Apple
      </div>
      <div
        class="sc-ifAKCX hzqeqx"
        data-testid="option1"
      >
        Carrot
      </div>
    </ul>
  </div>
</div>
`;
